[INFO] Scanning for projects...
[WARNING] 
[WARNING] Some problems were encountered while building the effective model for pe.nom.charlygastelo.app:account-service:jar:0.0.1-SNAPSHOT
[WARNING] 'dependencies.dependency.(groupId:artifactId:type:classifier)' must be unique: org.springframework.boot:spring-boot-starter-security:jar -> duplicate declaration of version (?) @ line 223, column 21
[WARNING] 
[WARNING] It is highly recommended to fix these problems because they threaten the stability of your build.
[WARNING] 
[WARNING] For this reason, future Maven versions might no longer support building such malformed projects.
[WARNING] 
[INFO] 
[INFO] --------------< pe.nom.charlygastelo.app:account-service >--------------
[INFO] Building account-service 0.0.1-SNAPSHOT
[INFO]   from pom.xml
[INFO] --------------------------------[ jar ]---------------------------------
[INFO] 
[INFO] --- clean:3.4.1:clean (default-clean) @ account-service ---
[INFO] Deleting C:\micro\proyecto\ms-account-service\target
[INFO] 
[INFO] --- avro:1.11.3:schema (default) @ account-service ---
[INFO] 
[INFO] --- resources:3.3.1:resources (default-resources) @ account-service ---
[INFO] Copying 1 resource from src\main\resources to target\classes
[INFO] Copying 1 resource from src\main\resources to target\classes
[INFO] 
[INFO] --- compiler:3.13.0:compile (default-compile) @ account-service ---
[INFO] Recompiling the module because of changed source code.
[INFO] Compiling 60 source files with javac [debug parameters release 17] to target\classes
[INFO] /C:/micro/proyecto/ms-account-service/src/main/java/pe/nom/charlygastelo/app/accountservice/security/JwtTokenValidator.java: C:\micro\proyecto\ms-account-service\src\main\java\pe\nom\charlygastelo\app\accountservice\security\JwtTokenValidator.java uses unchecked or unsafe operations.
[INFO] /C:/micro/proyecto/ms-account-service/src/main/java/pe/nom/charlygastelo/app/accountservice/security/JwtTokenValidator.java: Recompile with -Xlint:unchecked for details.
[INFO] 
[INFO] --- resources:3.3.1:testResources (default-testResources) @ account-service ---
[INFO] skip non existing resourceDirectory C:\micro\proyecto\ms-account-service\src\test\resources
[INFO] 
[INFO] --- compiler:3.13.0:testCompile (default-testCompile) @ account-service ---
[INFO] Recompiling the module because of changed dependency.
[INFO] Compiling 8 source files with javac [debug parameters release 17] to target\test-classes
[INFO] -------------------------------------------------------------
[ERROR] COMPILATION ERROR : 
[INFO] -------------------------------------------------------------
[ERROR] /C:/micro/proyecto/ms-account-service/src/test/java/pe/nom/charlygastelo/app/accountservice/application/usecase/GetAccountUseCaseTest.java:[6,59] cannot find symbol
  symbol:   class AccountServicePort
  location: package pe.nom.charlygastelo.app.accountservice.domain.port
[ERROR] /C:/micro/proyecto/ms-account-service/src/test/java/pe/nom/charlygastelo/app/accountservice/application/usecase/GetAccountUseCaseTest.java:[8,60] cannot find symbol
  symbol:   class CustomerType
  location: package pe.nom.charlygastelo.app.accountservice.domain.model
[ERROR] /C:/micro/proyecto/ms-account-service/src/test/java/pe/nom/charlygastelo/app/accountservice/application/usecase/ListAccountsUseCaseTest.java:[6,60] cannot find symbol
  symbol:   class CustomerType
  location: package pe.nom.charlygastelo.app.accountservice.domain.model
[ERROR] /C:/micro/proyecto/ms-account-service/src/test/java/pe/nom/charlygastelo/app/accountservice/application/usecase/ListAccountsUseCaseTest.java:[8,59] cannot find symbol
  symbol:   class AccountServicePort
  location: package pe.nom.charlygastelo.app.accountservice.domain.port
[ERROR] /C:/micro/proyecto/ms-account-service/src/test/java/pe/nom/charlygastelo/app/accountservice/domain/service/AccountServiceImplTest.java:[24,19] cannot find symbol
  symbol:   class AccountServiceImpl
  location: class pe.nom.charlygastelo.app.accountservice.domain.service.AccountServiceImplTest
[ERROR] /C:/micro/proyecto/ms-account-service/src/test/java/pe/nom/charlygastelo/app/accountservice/infrastructure/adapter/in/AccountControllerTest.java:[8,60] cannot find symbol
  symbol:   class CustomerType
  location: package pe.nom.charlygastelo.app.accountservice.domain.model
[ERROR] /C:/micro/proyecto/ms-account-service/src/test/java/pe/nom/charlygastelo/app/accountservice/infrastructure/adapter/out/persistence/AccountRepositoryAdapterTest.java:[6,60] cannot find symbol
  symbol:   class CustomerType
  location: package pe.nom.charlygastelo.app.accountservice.domain.model
[ERROR] /C:/micro/proyecto/ms-account-service/src/test/java/pe/nom/charlygastelo/app/accountservice/infrastructure/config/BeanConfigTest.java:[8,59] cannot find symbol
  symbol:   class AccountServicePort
  location: package pe.nom.charlygastelo.app.accountservice.domain.port
[INFO] 8 errors 
[INFO] -------------------------------------------------------------
[INFO] ------------------------------------------------------------------------
[INFO] BUILD FAILURE
[INFO] ------------------------------------------------------------------------
[INFO] Total time:  8.514 s
[INFO] Finished at: 2026-06-24T22:28:20-05:00
[INFO] ------------------------------------------------------------------------
[ERROR] Failed to execute goal org.apache.maven.plugins:maven-compiler-plugin:3.13.0:testCompile (default-testCompile) on project account-service: Compilation failure: Compilation failure: 
[ERROR] /C:/micro/proyecto/ms-account-service/src/test/java/pe/nom/charlygastelo/app/accountservice/application/usecase/GetAccountUseCaseTest.java:[6,59] cannot find symbol
[ERROR]   symbol:   class AccountServicePort
[ERROR]   location: package pe.nom.charlygastelo.app.accountservice.domain.port
[ERROR] /C:/micro/proyecto/ms-account-service/src/test/java/pe/nom/charlygastelo/app/accountservice/application/usecase/GetAccountUseCaseTest.java:[8,60] cannot find symbol
[ERROR]   symbol:   class CustomerType
[ERROR]   location: package pe.nom.charlygastelo.app.accountservice.domain.model
[ERROR] /C:/micro/proyecto/ms-account-service/src/test/java/pe/nom/charlygastelo/app/accountservice/application/usecase/ListAccountsUseCaseTest.java:[6,60] cannot find symbol
[ERROR]   symbol:   class CustomerType
[ERROR]   location: package pe.nom.charlygastelo.app.accountservice.domain.model
[ERROR] /C:/micro/proyecto/ms-account-service/src/test/java/pe/nom/charlygastelo/app/accountservice/application/usecase/ListAccountsUseCaseTest.java:[8,59] cannot find symbol
[ERROR]   symbol:   class AccountServicePort
[ERROR]   location: package pe.nom.charlygastelo.app.accountservice.domain.port
[ERROR] /C:/micro/proyecto/ms-account-service/src/test/java/pe/nom/charlygastelo/app/accountservice/domain/service/AccountServiceImplTest.java:[24,19] cannot find symbol
[ERROR]   symbol:   class AccountServiceImpl
[ERROR]   location: class pe.nom.charlygastelo.app.accountservice.domain.service.AccountServiceImplTest
[ERROR] /C:/micro/proyecto/ms-account-service/src/test/java/pe/nom/charlygastelo/app/accountservice/infrastructure/adapter/in/AccountControllerTest.java:[8,60] cannot find symbol
[ERROR]   symbol:   class CustomerType
[ERROR]   location: package pe.nom.charlygastelo.app.accountservice.domain.model
[ERROR] /C:/micro/proyecto/ms-account-service/src/test/java/pe/nom/charlygastelo/app/accountservice/infrastructure/adapter/out/persistence/AccountRepositoryAdapterTest.java:[6,60] cannot find symbol
[ERROR]   symbol:   class CustomerType
[ERROR]   location: package pe.nom.charlygastelo.app.accountservice.domain.model
[ERROR] /C:/micro/proyecto/ms-account-service/src/test/java/pe/nom/charlygastelo/app/accountservice/infrastructure/config/BeanConfigTest.java:[8,59] cannot find symbol
[ERROR]   symbol:   class AccountServicePort
[ERROR]   location: package pe.nom.charlygastelo.app.accountservice.domain.port
[ERROR] -> [Help 1]
[ERROR] 
[ERROR] To see the full stack trace of the errors, re-run Maven with the -e switch.
[ERROR] Re-run Maven using the -X switch to enable full debug logging.
[ERROR] 
[ERROR] For more information about the errors and possible solutions, please read the following articles:
[ERROR] [Help 1] http://cwiki.apache.org/confluence/display/MAVEN/MojoFailureException
